// Jest Snapshot v1, https://goo.gl/fbAQLP

exports[`the data is correct 1`] = `
Array [
  Object {
    "description": "Adipisicing aute dolore id sint consectetur laborum in proident officia aliqua non non esse culpa. Enim duis ad consequat ipsum amet enim quis tempor esse Lorem elit sint excepteur. Proident nostrud enim aliqua sunt id laboris tempor qui enim sunt nisi labore officia.",
    "id": 1,
    "title": "Sunt tempor pariatur labore elit occaecat tempor.",
  },
  Object {
    "description": "Aliqua laborum in exercitation eiusmod non voluptate minim pariatur. Sit amet eu sint ad velit labore aliquip qui ea laboris eiusmod dolor. Duis in adipisicing fugiat cupidatat consectetur laboris tempor adipisicing nisi sit. Do enim nulla laborum proident enim cillum voluptate magna excepteur labore. Pariatur dolore reprehenderit voluptate nostrud proident ut cupidatat elit ullamco ut tempor in irure ullamco. Pariatur mollit deserunt id nulla occaecat excepteur aute occaecat ut.",
    "id": 2,
    "title": "Nostrud consequat ad nulla tempor sit culpa proident.",
  },
]
`;
